******************************************************************************
                  MSP430 Linker PC v21.6.0                     
******************************************************************************
>> Linked Wed Nov 16 11:40:37 2022

OUTPUT FILE NAME:   <Robot16.out>
ENTRY POINT SYMBOL: "_c_int00_noargs"  address: 0000dfe4


MEMORY CONFIGURATION

         name            origin    length      used     unused   attr    fill
----------------------  --------  ---------  --------  --------  ----  --------
  SFR                   00000000   00000010  00000000  00000010  RWIX
  PERIPHERALS_8BIT      00000010   000000f0  00000000  000000f0  RWIX
  PERIPHERALS_16BIT     00000100   00000100  00000000  00000100  RWIX
  RAM                   00000200   00000200  00000062  0000019e  RWIX
  INFOD                 00001000   00000040  00000000  00000040  RWIX
  INFOC                 00001040   00000040  00000000  00000040  RWIX
  INFOB                 00001080   00000040  00000000  00000040  RWIX
  INFOA                 000010c0   00000040  00000000  00000040  RWIX
  FLASH                 0000c000   00003fde  00002106  00001ed8  RWIX
  BSLSIGNATURE          0000ffde   00000002  00000002  00000000  RWIX  ffff 
  INT00                 0000ffe0   00000002  00000002  00000000  RWIX
  INT01                 0000ffe2   00000002  00000000  00000002  RWIX
  INT02                 0000ffe4   00000002  00000002  00000000  RWIX
  INT03                 0000ffe6   00000002  00000002  00000000  RWIX
  INT04                 0000ffe8   00000002  00000000  00000002  RWIX
  INT05                 0000ffea   00000002  00000002  00000000  RWIX
  INT06                 0000ffec   00000002  00000002  00000000  RWIX
  INT07                 0000ffee   00000002  00000002  00000000  RWIX
  INT08                 0000fff0   00000002  00000002  00000000  RWIX
  INT09                 0000fff2   00000002  00000002  00000000  RWIX
  INT10                 0000fff4   00000002  00000002  00000000  RWIX
  INT11                 0000fff6   00000002  00000002  00000000  RWIX
  INT12                 0000fff8   00000002  00000002  00000000  RWIX
  INT13                 0000fffa   00000002  00000002  00000000  RWIX
  INT14                 0000fffc   00000002  00000002  00000000  RWIX
  RESET                 0000fffe   00000002  00000002  00000000  RWIX


SECTION ALLOCATION MAP

 output                                  attributes/
section   page    origin      length       input sections
--------  ----  ----------  ----------   ----------------
.data      0    00000200    0000000a     UNINITIALIZED
                  00000200    0000000a     main.obj (.data)

.bss       0    0000020a    00000008     UNINITIALIZED
                  0000020a    00000004     (.common:sensor)
                  0000020e    00000002     (.common:distance)
                  00000210    00000002     (.common:miliseconds)

.stack     0    000003b0    00000050     UNINITIALIZED
                  000003b0    00000002     rts430_eabi.lib : boot.c.obj (.stack)
                  000003b2    0000004e     --HOLE--

.text      0    0000c000    000020ec     
                  0000c000    00000736     rts430_eabi.lib : addd.c.obj (.text:__mspabi_addd)
                  0000c736    00000478                     : frcdivd.c.obj (.text:__TI_frcdivd)
                  0000cbae    000002c0                     : mpyd.c.obj (.text:__mspabi_mpyd)
                  0000ce6e    00000238                     : divd.c.obj (.text:__mspabi_divd)
                  0000d0a6    00000172                     : frcmpyd.c.obj (.text:__TI_frcmpyd)
                  0000d218    00000132                     : fs_add.asm.obj (.text)
                  0000d34a    00000114                     : mult64.asm.obj (.text:__mpyll)
                  0000d45e    000000d6     main.obj (.text:lineFollower)
                  0000d534    000000c4     capteur_lumiere.obj (.text:detecte_sortie)
                  0000d5f8    000000c4     rts430_eabi.lib : fs_mpy.asm.obj (.text)
                  0000d6bc    000000b4                     : cvtdf.c.obj (.text:__mspabi_cvtdf)
                  0000d770    000000ac                     : fltlid.c.obj (.text:__mspabi_fltlid)
                  0000d81c    0000007c                     : copy_decompress_lzss.c.obj (.text:decompress:lzss:__TI_decompress_lzss)
                  0000d898    00000074     main.obj (.text:main)
                  0000d90c    00000070     rts430_eabi.lib : cvtfd.c.obj (.text:__mspabi_cvtfd)
                  0000d97c    00000070     ultrasonicSensor.obj (.text:isObstacle)
                  0000d9ec    00000068     rts430_eabi.lib : fs_toi.asm.obj (.text)
                  0000da54    00000060     capteur_lumiere.obj (.text:init_lumiere_jour)
                  0000dab4    0000005c     rts430_eabi.lib : lsr32.asm.obj (.text:l_lsr_const)
                  0000db10    00000058     ultrasonicSensor.obj (.text:Port_1)
                  0000db68    00000058     rts430_eabi.lib : div32u.asm.obj (.text)
                  0000dbc0    0000004c                     : lsr16.asm.obj (.text)
                  0000dc0c    0000004a                     : asr64.c.obj (.text:__mspabi_srall)
                  0000dc56    0000004a                     : fs_cmp.asm.obj (.text)
                  0000dca0    00000046                     : lsr64.c.obj (.text:__mspabi_srlll)
                  0000dce6    00000044                     : lsl64.c.obj (.text:__mspabi_sllll)
                  0000dd2a    00000042                     : autoinit.c.obj (.text:__TI_auto_init_nobinit_nopinit:__TI_auto_init_nobinit_nopinit)
                  0000dd6c    00000040                     : div32s.asm.obj (.text)
                  0000ddac    0000003e                     : asr32.asm.obj (.text:l_asr_const)
                  0000ddea    0000003e                     : lsl32.asm.obj (.text:l_lsl_const)
                  0000de28    00000036                     : fs_itof.asm.obj (.text)
                  0000de5e    00000034     ultrasonicSensor.obj (.text:initUltrasonicSensor)
                  0000de92    0000002c     rts430_eabi.lib : asr16.asm.obj (.text)
                  0000debe    0000002c                     : lsl16.asm.obj (.text)
                  0000deea    00000026                     : mult32.asm.obj (.text)
                  0000df10    00000026     moveRobot.obj (.text:setForward)
                  0000df36    00000026     moveRobot.obj (.text:setForwardLow)
                  0000df5c    00000024     moveRobot.obj (.text:setLeft)
                  0000df80    00000024     moveRobot.obj (.text:setRight)
                  0000dfa4    00000022     rts430_eabi.lib : mult1632.asm.obj (.text:__mpyul)
                  0000dfc6    0000001e                     : mult3264.asm.obj (.text:__mpyull)
                  0000dfe4    0000001c                     : boot.c.obj (.text:_c_int00_noargs)
                  0000e000    00000018     moveRobot.obj (.text:settingUp)
                  0000e018    00000016     ADC.obj (.text:ADC_Demarrer_conversion)
                  0000e02e    00000016     ADC.obj (.text:ADC_init)
                  0000e044    00000016     moveRobot.obj (.text:setStop)
                  0000e05a    00000014     rts430_eabi.lib : copy_zero_init.c.obj (.text:decompress:ZI:__TI_zero_init_nomemset:__TI_zero_init_nomemset)
                  0000e06e    00000014                     : mult16.asm.obj (.text)
                  0000e082    00000012                     : copy_decompress_none.c.obj (.text:decompress:none:__TI_decompress_none)
                  0000e094    00000012                     : memcpy.c.obj (.text:memcpy)
                  0000e0a6    00000010     ADC.obj (.text:ADC_Lire_resultat)
                  0000e0b6    00000010     rts430_eabi.lib : epilog.asm.obj (.text)
                  0000e0c6    0000000c                     : fltid.c.obj (.text:__mspabi_fltid)
                  0000e0d2    00000008                     : isr_trap.asm.obj (.text:_isr:__TI_ISR_TRAP)
                  0000e0da    00000006     ultrasonicSensor.obj (.text:Timer_A)
                  0000e0e0    00000006     rts430_eabi.lib : exit.c.obj (.text:abort)
                  0000e0e6    00000004                     : pre_init.c.obj (.text:_system_pre_init)
                  0000e0ea    00000002                     : startup.c.obj (.text:_system_post_cinit)

.cinit     0    0000e0ec    0000001a     
                  0000e0ec    00000008     (.cinit..data.load) [load image, compression = lzss]
                  0000e0f4    00000006     (__TI_handler_table)
                  0000e0fa    00000004     (.cinit..bss.load) [load image, compression = zero_init]
                  0000e0fe    00000008     (__TI_cinit_table)

.binit     0    0000c000    00000000     

.init_array 
*          0    0000c000    00000000     UNINITIALIZED

TRAPINT    0    0000ffe0    00000002     
                  0000ffe0    00000002     rts430_eabi.lib : int00.asm.obj (.int00)

PORT1      0    0000ffe4    00000002     
                  0000ffe4    00000002     ultrasonicSensor.obj (.int02)

PORT2      0    0000ffe6    00000002     
                  0000ffe6    00000002     rts430_eabi.lib : int03.asm.obj (.int03)

ADC10      0    0000ffea    00000002     
                  0000ffea    00000002     rts430_eabi.lib : int05.asm.obj (.int05)

USCIAB0TX 
*          0    0000ffec    00000002     
                  0000ffec    00000002     rts430_eabi.lib : int06.asm.obj (.int06)

USCIAB0RX 
*          0    0000ffee    00000002     
                  0000ffee    00000002     rts430_eabi.lib : int07.asm.obj (.int07)

TIMER0_A1 
*          0    0000fff0    00000002     
                  0000fff0    00000002     rts430_eabi.lib : int08.asm.obj (.int08)

TIMER0_A0 
*          0    0000fff2    00000002     
                  0000fff2    00000002     ultrasonicSensor.obj (.int09)

WDT        0    0000fff4    00000002     
                  0000fff4    00000002     rts430_eabi.lib : int10.asm.obj (.int10)

COMPARATORA 
*          0    0000fff6    00000002     
                  0000fff6    00000002     rts430_eabi.lib : int11.asm.obj (.int11)

TIMER1_A1 
*          0    0000fff8    00000002     
                  0000fff8    00000002     rts430_eabi.lib : int12.asm.obj (.int12)

TIMER1_A0 
*          0    0000fffa    00000002     
                  0000fffa    00000002     rts430_eabi.lib : int13.asm.obj (.int13)

NMI        0    0000fffc    00000002     
                  0000fffc    00000002     rts430_eabi.lib : int14.asm.obj (.int14)

.reset     0    0000fffe    00000002     
                  0000fffe    00000002     rts430_eabi.lib : boot.c.obj (.reset)

$fill000   0    0000ffde    00000002     
                  0000ffde    00000002     --HOLE-- [fill = ffff]

MODULE SUMMARY

       Module                       code   ro data   rw data
       ------                       ----   -------   -------
    .\
       main.obj                     330    0         10     
       capteur_lumiere.obj          292    0         0      
       ultrasonicSensor.obj         258    4         8      
       moveRobot.obj                194    0         0      
       ADC.obj                      60     0         0      
    +--+----------------------------+------+---------+---------+
       Total:                       1134   4         18     
                                                            
    C:\ti\ccs1120\ccs\tools\compiler\ti-cgt-msp430_21.6.0.LTS\lib\rts430_eabi.lib
       addd.c.obj                   1846   0         0      
       frcdivd.c.obj                1144   0         0      
       mpyd.c.obj                   704    0         0      
       divd.c.obj                   568    0         0      
       frcmpyd.c.obj                370    0         0      
       fs_add.asm.obj               306    0         0      
       mult64.asm.obj               276    0         0      
       fs_mpy.asm.obj               196    0         0      
       cvtdf.c.obj                  180    0         0      
       fltlid.c.obj                 172    0         0      
       copy_decompress_lzss.c.obj   124    0         0      
       cvtfd.c.obj                  112    0         0      
       fs_toi.asm.obj               104    0         0      
       lsr32.asm.obj                92     0         0      
       div32u.asm.obj               88     0         0      
       lsr16.asm.obj                76     0         0      
       asr64.c.obj                  74     0         0      
       fs_cmp.asm.obj               74     0         0      
       lsr64.c.obj                  70     0         0      
       lsl64.c.obj                  68     0         0      
       autoinit.c.obj               66     0         0      
       div32s.asm.obj               64     0         0      
       asr32.asm.obj                62     0         0      
       lsl32.asm.obj                62     0         0      
       fs_itof.asm.obj              54     0         0      
       asr16.asm.obj                44     0         0      
       lsl16.asm.obj                44     0         0      
       mult32.asm.obj               38     0         0      
       mult1632.asm.obj             34     0         0      
       boot.c.obj                   28     2         0      
       mult3264.asm.obj             30     0         0      
       copy_zero_init.c.obj         20     0         0      
       mult16.asm.obj               20     0         0      
       copy_decompress_none.c.obj   18     0         0      
       memcpy.c.obj                 18     0         0      
       epilog.asm.obj               16     0         0      
       fltid.c.obj                  12     0         0      
       isr_trap.asm.obj             8      0         0      
       exit.c.obj                   6      0         0      
       pre_init.c.obj               4      0         0      
       int00.asm.obj                0      2         0      
       int03.asm.obj                0      2         0      
       int05.asm.obj                0      2         0      
       int06.asm.obj                0      2         0      
       int07.asm.obj                0      2         0      
       int08.asm.obj                0      2         0      
       int10.asm.obj                0      2         0      
       int11.asm.obj                0      2         0      
       int12.asm.obj                0      2         0      
       int13.asm.obj                0      2         0      
       int14.asm.obj                0      2         0      
       startup.c.obj                2      0         0      
    +--+----------------------------+------+---------+---------+
       Total:                       7294   24        0      
                                                            
       Stack:                       0      0         80     
       Linker Generated:            0      26        0      
    +--+----------------------------+------+---------+---------+
       Grand Total:                 8428   54        98     


LINKER GENERATED COPY TABLES

__TI_cinit_table @ 0000e0fe records: 2, size/record: 4, table size: 8
	.data: load addr=0000e0ec, load size=00000008 bytes, run addr=00000200, run size=0000000a bytes, compression=lzss
	.bss: load addr=0000e0fa, load size=00000004 bytes, run addr=0000020a, run size=00000008 bytes, compression=zero_init


LINKER GENERATED HANDLER TABLE

__TI_handler_table @ 0000e0f4 records: 3, size/record: 2, table size: 6
	index: 0, handler: __TI_zero_init
	index: 1, handler: __TI_decompress_lzss
	index: 2, handler: __TI_decompress_none


GLOBAL SYMBOLS: SORTED ALPHABETICALLY BY Name 

address   name                          
-------   ----                          
0000004a  ADC10AE0                      
000001b0  ADC10CTL0                     
000001b2  ADC10CTL1                     
00000048  ADC10DTC0                     
00000049  ADC10DTC1                     
000001b4  ADC10MEM                      
000001bc  ADC10SA                       
0000e018  ADC_Demarrer_conversion       
0000e0a6  ADC_Lire_resultat             
0000e02e  ADC_init                      
00000057  BCSCTL1                       
00000058  BCSCTL2                       
00000053  BCSCTL3                       
0000e0e0  C$$EXIT                       
00000059  CACTL1                        
0000005a  CACTL2                        
000010fb  CALBC1_12MHZ                  
000010f9  CALBC1_16MHZ                  
000010ff  CALBC1_1MHZ                   
000010fd  CALBC1_8MHZ                   
000010fa  CALDCO_12MHZ                  
000010f8  CALDCO_16MHZ                  
000010fe  CALDCO_1MHZ                   
000010fc  CALDCO_8MHZ                   
0000005b  CAPD                          
00000056  DCOCTL                        
00000128  FCTL1                         
0000012a  FCTL2                         
0000012c  FCTL3                         
00000000  IE1                           
00000001  IE2                           
00000002  IFG1                          
00000003  IFG2                          
00000200  IncDec_PWM                    
00000022  P1DIR                         
00000025  P1IE                          
00000024  P1IES                         
00000023  P1IFG                         
00000020  P1IN                          
00000021  P1OUT                         
00000027  P1REN                         
00000026  P1SEL                         
00000041  P1SEL2                        
0000002a  P2DIR                         
0000002d  P2IE                          
0000002c  P2IES                         
0000002b  P2IFG                         
00000028  P2IN                          
00000029  P2OUT                         
0000002f  P2REN                         
0000002e  P2SEL                         
00000042  P2SEL2                        
0000001a  P3DIR                         
00000018  P3IN                          
00000019  P3OUT                         
00000010  P3REN                         
0000001b  P3SEL                         
00000043  P3SEL2                        
0000db10  Port_1                        
00000172  TA0CCR0                       
00000174  TA0CCR1                       
00000176  TA0CCR2                       
00000162  TA0CCTL0                      
00000164  TA0CCTL1                      
00000166  TA0CCTL2                      
00000160  TA0CTL                        
0000012e  TA0IV                         
00000170  TA0R                          
00000192  TA1CCR0                       
00000194  TA1CCR1                       
00000196  TA1CCR2                       
00000182  TA1CCTL0                      
00000184  TA1CCTL1                      
00000186  TA1CCTL2                      
00000180  TA1CTL                        
0000011e  TA1IV                         
00000190  TA1R                          
000010db  TLV_ADC10_1_LEN               
000010da  TLV_ADC10_1_TAG               
000010c0  TLV_CHECKSUM                  
000010f7  TLV_DCO_30_LEN                
000010f6  TLV_DCO_30_TAG                
0000e0da  Timer_A                       
0000005d  UCA0ABCTL                     
00000062  UCA0BR0                       
00000063  UCA0BR1                       
00000060  UCA0CTL0                      
00000061  UCA0CTL1                      
0000005f  UCA0IRRCTL                    
0000005e  UCA0IRTCTL                    
00000064  UCA0MCTL                      
00000066  UCA0RXBUF                     
00000065  UCA0STAT                      
00000067  UCA0TXBUF                     
0000006a  UCB0BR0                       
0000006b  UCB0BR1                       
00000068  UCB0CTL0                      
00000069  UCB0CTL1                      
0000006c  UCB0I2CIE                     
00000118  UCB0I2COA                     
0000011a  UCB0I2CSA                     
0000006e  UCB0RXBUF                     
0000006d  UCB0STAT                      
0000006f  UCB0TXBUF                     
00000120  WDTCTL                        
00000400  __STACK_END                   
00000050  __STACK_SIZE                  
0000e0fe  __TI_CINIT_Base               
0000e106  __TI_CINIT_Limit              
0000e106  __TI_CINIT_Warm               
0000e0f4  __TI_Handler_Table_Base       
0000e0fa  __TI_Handler_Table_Limit      
0000e0d2  __TI_ISR_TRAP                 
0000dd2a  __TI_auto_init_nobinit_nopinit
0000d81c  __TI_decompress_lzss          
0000e082  __TI_decompress_none          
0000c736  __TI_frcdivd                  
0000d0a6  __TI_frcmpyd                  
0000ffe0  __TI_int00                    
0000ffe4  __TI_int02                    
0000ffe6  __TI_int03                    
0000ffea  __TI_int05                    
0000ffec  __TI_int06                    
0000ffee  __TI_int07                    
0000fff0  __TI_int08                    
0000fff2  __TI_int09                    
0000fff4  __TI_int10                    
0000fff6  __TI_int11                    
0000fff8  __TI_int12                    
0000fffa  __TI_int13                    
0000fffc  __TI_int14                    
ffffffff  __TI_pprof_out_hndl           
ffffffff  __TI_prof_data_size           
ffffffff  __TI_prof_data_start          
0000e05a  __TI_zero_init_nomemset       
ffffffff  __c_args__                    
0000c000  __mspabi_addd                 
0000d21e  __mspabi_addf                 
0000dc56  __mspabi_cmpf                 
0000d6bc  __mspabi_cvtdf                
0000d90c  __mspabi_cvtfd                
0000ce6e  __mspabi_divd                 
0000dd6c  __mspabi_divli                
0000db68  __mspabi_divul                
0000d9ec  __mspabi_fixfi                
0000e0c6  __mspabi_fltid                
0000de28  __mspabi_fltif                
0000d770  __mspabi_fltlid               
0000e0c2  __mspabi_func_epilog_1        
0000e0c0  __mspabi_func_epilog_2        
0000e0be  __mspabi_func_epilog_3        
0000e0bc  __mspabi_func_epilog_4        
0000e0ba  __mspabi_func_epilog_5        
0000e0b8  __mspabi_func_epilog_6        
0000e0b6  __mspabi_func_epilog_7        
0000cbae  __mspabi_mpyd                 
0000d5f8  __mspabi_mpyf                 
0000e06e  __mspabi_mpyi                 
0000e06e  __mspabi_mpyi_sw              
0000deea  __mspabi_mpyl                 
0000deea  __mspabi_mpyl_sw              
0000d34a  __mspabi_mpyll                
0000d34a  __mspabi_mpyll_sw             
0000dfa4  __mspabi_mpyul                
0000dfa4  __mspabi_mpyul_sw             
0000dfc6  __mspabi_mpyull               
0000dfc6  __mspabi_mpyull_sw            
0000dd6c  __mspabi_remli                
0000db68  __mspabi_remul                
0000debe  __mspabi_slli                 
0000dee6  __mspabi_slli_1               
0000ded4  __mspabi_slli_10              
0000ded2  __mspabi_slli_11              
0000ded0  __mspabi_slli_12              
0000dece  __mspabi_slli_13              
0000decc  __mspabi_slli_14              
0000deca  __mspabi_slli_15              
0000dee4  __mspabi_slli_2               
0000dee2  __mspabi_slli_3               
0000dee0  __mspabi_slli_4               
0000dede  __mspabi_slli_5               
0000dedc  __mspabi_slli_6               
0000deda  __mspabi_slli_7               
0000ded8  __mspabi_slli_8               
0000ded6  __mspabi_slli_9               
0000de22  __mspabi_slll_1               
0000ddfe  __mspabi_slll_10              
0000ddfa  __mspabi_slll_11              
0000ddf6  __mspabi_slll_12              
0000ddf2  __mspabi_slll_13              
0000ddee  __mspabi_slll_14              
0000ddea  __mspabi_slll_15              
0000de1e  __mspabi_slll_2               
0000de1a  __mspabi_slll_3               
0000de16  __mspabi_slll_4               
0000de12  __mspabi_slll_5               
0000de0e  __mspabi_slll_6               
0000de0a  __mspabi_slll_7               
0000de06  __mspabi_slll_8               
0000de02  __mspabi_slll_9               
0000dce6  __mspabi_sllll                
0000de92  __mspabi_srai                 
0000deba  __mspabi_srai_1               
0000dea8  __mspabi_srai_10              
0000dea6  __mspabi_srai_11              
0000dea4  __mspabi_srai_12              
0000dea2  __mspabi_srai_13              
0000dea0  __mspabi_srai_14              
0000de9e  __mspabi_srai_15              
0000deb8  __mspabi_srai_2               
0000deb6  __mspabi_srai_3               
0000deb4  __mspabi_srai_4               
0000deb2  __mspabi_srai_5               
0000deb0  __mspabi_srai_6               
0000deae  __mspabi_srai_7               
0000deac  __mspabi_srai_8               
0000deaa  __mspabi_srai_9               
0000dde4  __mspabi_sral_1               
0000ddc0  __mspabi_sral_10              
0000ddbc  __mspabi_sral_11              
0000ddb8  __mspabi_sral_12              
0000ddb4  __mspabi_sral_13              
0000ddb0  __mspabi_sral_14              
0000ddac  __mspabi_sral_15              
0000dde0  __mspabi_sral_2               
0000dddc  __mspabi_sral_3               
0000ddd8  __mspabi_sral_4               
0000ddd4  __mspabi_sral_5               
0000ddd0  __mspabi_sral_6               
0000ddcc  __mspabi_sral_7               
0000ddc8  __mspabi_sral_8               
0000ddc4  __mspabi_sral_9               
0000dc0c  __mspabi_srall                
0000dbc0  __mspabi_srli                 
0000dc06  __mspabi_srli_1               
0000dbe2  __mspabi_srli_10              
0000dbde  __mspabi_srli_11              
0000dbda  __mspabi_srli_12              
0000dbd6  __mspabi_srli_13              
0000dbd2  __mspabi_srli_14              
0000dbce  __mspabi_srli_15              
0000dc02  __mspabi_srli_2               
0000dbfe  __mspabi_srli_3               
0000dbfa  __mspabi_srli_4               
0000dbf6  __mspabi_srli_5               
0000dbf2  __mspabi_srli_6               
0000dbee  __mspabi_srli_7               
0000dbea  __mspabi_srli_8               
0000dbe6  __mspabi_srli_9               
0000db08  __mspabi_srll_1               
0000dad2  __mspabi_srll_10              
0000dacc  __mspabi_srll_11              
0000dac6  __mspabi_srll_12              
0000dac0  __mspabi_srll_13              
0000daba  __mspabi_srll_14              
0000dab4  __mspabi_srll_15              
0000db02  __mspabi_srll_2               
0000dafc  __mspabi_srll_3               
0000daf6  __mspabi_srll_4               
0000daf0  __mspabi_srll_5               
0000daea  __mspabi_srll_6               
0000dae4  __mspabi_srll_7               
0000dade  __mspabi_srll_8               
0000dad8  __mspabi_srll_9               
0000dca0  __mspabi_srlll                
0000d218  __mspabi_subf                 
0000dfe4  _c_int00_noargs               
0000fffe  _reset_vector                 
000003b0  _stack                        
0000e0ea  _system_post_cinit            
0000e0e6  _system_pre_init              
0000e0e0  abort                         
0000d534  detecte_sortie                
0000020e  distance                      
00000204  flagIsOnDisk                  
00000202  i                             
00000206  initLight                     
0000de5e  initUltrasonicSensor          
0000da54  init_lumiere_jour             
0000d97c  isObstacle                    
0000d45e  lineFollower                  
0000d898  main                          
0000e094  memcpy                        
00000210  miliseconds                   
0000020a  sensor                        
0000df10  setForward                    
0000df36  setForwardLow                 
0000df5c  setLeft                       
0000df80  setRight                      
0000e044  setStop                       
0000e000  settingUp                     


GLOBAL SYMBOLS: SORTED BY Symbol Address 

address   name                          
-------   ----                          
00000000  IE1                           
00000001  IE2                           
00000002  IFG1                          
00000003  IFG2                          
00000010  P3REN                         
00000018  P3IN                          
00000019  P3OUT                         
0000001a  P3DIR                         
0000001b  P3SEL                         
00000020  P1IN                          
00000021  P1OUT                         
00000022  P1DIR                         
00000023  P1IFG                         
00000024  P1IES                         
00000025  P1IE                          
00000026  P1SEL                         
00000027  P1REN                         
00000028  P2IN                          
00000029  P2OUT                         
0000002a  P2DIR                         
0000002b  P2IFG                         
0000002c  P2IES                         
0000002d  P2IE                          
0000002e  P2SEL                         
0000002f  P2REN                         
00000041  P1SEL2                        
00000042  P2SEL2                        
00000043  P3SEL2                        
00000048  ADC10DTC0                     
00000049  ADC10DTC1                     
0000004a  ADC10AE0                      
00000050  __STACK_SIZE                  
00000053  BCSCTL3                       
00000056  DCOCTL                        
00000057  BCSCTL1                       
00000058  BCSCTL2                       
00000059  CACTL1                        
0000005a  CACTL2                        
0000005b  CAPD                          
0000005d  UCA0ABCTL                     
0000005e  UCA0IRTCTL                    
0000005f  UCA0IRRCTL                    
00000060  UCA0CTL0                      
00000061  UCA0CTL1                      
00000062  UCA0BR0                       
00000063  UCA0BR1                       
00000064  UCA0MCTL                      
00000065  UCA0STAT                      
00000066  UCA0RXBUF                     
00000067  UCA0TXBUF                     
00000068  UCB0CTL0                      
00000069  UCB0CTL1                      
0000006a  UCB0BR0                       
0000006b  UCB0BR1                       
0000006c  UCB0I2CIE                     
0000006d  UCB0STAT                      
0000006e  UCB0RXBUF                     
0000006f  UCB0TXBUF                     
00000118  UCB0I2COA                     
0000011a  UCB0I2CSA                     
0000011e  TA1IV                         
00000120  WDTCTL                        
00000128  FCTL1                         
0000012a  FCTL2                         
0000012c  FCTL3                         
0000012e  TA0IV                         
00000160  TA0CTL                        
00000162  TA0CCTL0                      
00000164  TA0CCTL1                      
00000166  TA0CCTL2                      
00000170  TA0R                          
00000172  TA0CCR0                       
00000174  TA0CCR1                       
00000176  TA0CCR2                       
00000180  TA1CTL                        
00000182  TA1CCTL0                      
00000184  TA1CCTL1                      
00000186  TA1CCTL2                      
00000190  TA1R                          
00000192  TA1CCR0                       
00000194  TA1CCR1                       
00000196  TA1CCR2                       
000001b0  ADC10CTL0                     
000001b2  ADC10CTL1                     
000001b4  ADC10MEM                      
000001bc  ADC10SA                       
00000200  IncDec_PWM                    
00000202  i                             
00000204  flagIsOnDisk                  
00000206  initLight                     
0000020a  sensor                        
0000020e  distance                      
00000210  miliseconds                   
000003b0  _stack                        
00000400  __STACK_END                   
000010c0  TLV_CHECKSUM                  
000010da  TLV_ADC10_1_TAG               
000010db  TLV_ADC10_1_LEN               
000010f6  TLV_DCO_30_TAG                
000010f7  TLV_DCO_30_LEN                
000010f8  CALDCO_16MHZ                  
000010f9  CALBC1_16MHZ                  
000010fa  CALDCO_12MHZ                  
000010fb  CALBC1_12MHZ                  
000010fc  CALDCO_8MHZ                   
000010fd  CALBC1_8MHZ                   
000010fe  CALDCO_1MHZ                   
000010ff  CALBC1_1MHZ                   
0000c000  __mspabi_addd                 
0000c736  __TI_frcdivd                  
0000cbae  __mspabi_mpyd                 
0000ce6e  __mspabi_divd                 
0000d0a6  __TI_frcmpyd                  
0000d218  __mspabi_subf                 
0000d21e  __mspabi_addf                 
0000d34a  __mspabi_mpyll                
0000d34a  __mspabi_mpyll_sw             
0000d45e  lineFollower                  
0000d534  detecte_sortie                
0000d5f8  __mspabi_mpyf                 
0000d6bc  __mspabi_cvtdf                
0000d770  __mspabi_fltlid               
0000d81c  __TI_decompress_lzss          
0000d898  main                          
0000d90c  __mspabi_cvtfd                
0000d97c  isObstacle                    
0000d9ec  __mspabi_fixfi                
0000da54  init_lumiere_jour             
0000dab4  __mspabi_srll_15              
0000daba  __mspabi_srll_14              
0000dac0  __mspabi_srll_13              
0000dac6  __mspabi_srll_12              
0000dacc  __mspabi_srll_11              
0000dad2  __mspabi_srll_10              
0000dad8  __mspabi_srll_9               
0000dade  __mspabi_srll_8               
0000dae4  __mspabi_srll_7               
0000daea  __mspabi_srll_6               
0000daf0  __mspabi_srll_5               
0000daf6  __mspabi_srll_4               
0000dafc  __mspabi_srll_3               
0000db02  __mspabi_srll_2               
0000db08  __mspabi_srll_1               
0000db10  Port_1                        
0000db68  __mspabi_divul                
0000db68  __mspabi_remul                
0000dbc0  __mspabi_srli                 
0000dbce  __mspabi_srli_15              
0000dbd2  __mspabi_srli_14              
0000dbd6  __mspabi_srli_13              
0000dbda  __mspabi_srli_12              
0000dbde  __mspabi_srli_11              
0000dbe2  __mspabi_srli_10              
0000dbe6  __mspabi_srli_9               
0000dbea  __mspabi_srli_8               
0000dbee  __mspabi_srli_7               
0000dbf2  __mspabi_srli_6               
0000dbf6  __mspabi_srli_5               
0000dbfa  __mspabi_srli_4               
0000dbfe  __mspabi_srli_3               
0000dc02  __mspabi_srli_2               
0000dc06  __mspabi_srli_1               
0000dc0c  __mspabi_srall                
0000dc56  __mspabi_cmpf                 
0000dca0  __mspabi_srlll                
0000dce6  __mspabi_sllll                
0000dd2a  __TI_auto_init_nobinit_nopinit
0000dd6c  __mspabi_divli                
0000dd6c  __mspabi_remli                
0000ddac  __mspabi_sral_15              
0000ddb0  __mspabi_sral_14              
0000ddb4  __mspabi_sral_13              
0000ddb8  __mspabi_sral_12              
0000ddbc  __mspabi_sral_11              
0000ddc0  __mspabi_sral_10              
0000ddc4  __mspabi_sral_9               
0000ddc8  __mspabi_sral_8               
0000ddcc  __mspabi_sral_7               
0000ddd0  __mspabi_sral_6               
0000ddd4  __mspabi_sral_5               
0000ddd8  __mspabi_sral_4               
0000dddc  __mspabi_sral_3               
0000dde0  __mspabi_sral_2               
0000dde4  __mspabi_sral_1               
0000ddea  __mspabi_slll_15              
0000ddee  __mspabi_slll_14              
0000ddf2  __mspabi_slll_13              
0000ddf6  __mspabi_slll_12              
0000ddfa  __mspabi_slll_11              
0000ddfe  __mspabi_slll_10              
0000de02  __mspabi_slll_9               
0000de06  __mspabi_slll_8               
0000de0a  __mspabi_slll_7               
0000de0e  __mspabi_slll_6               
0000de12  __mspabi_slll_5               
0000de16  __mspabi_slll_4               
0000de1a  __mspabi_slll_3               
0000de1e  __mspabi_slll_2               
0000de22  __mspabi_slll_1               
0000de28  __mspabi_fltif                
0000de5e  initUltrasonicSensor          
0000de92  __mspabi_srai                 
0000de9e  __mspabi_srai_15              
0000dea0  __mspabi_srai_14              
0000dea2  __mspabi_srai_13              
0000dea4  __mspabi_srai_12              
0000dea6  __mspabi_srai_11              
0000dea8  __mspabi_srai_10              
0000deaa  __mspabi_srai_9               
0000deac  __mspabi_srai_8               
0000deae  __mspabi_srai_7               
0000deb0  __mspabi_srai_6               
0000deb2  __mspabi_srai_5               
0000deb4  __mspabi_srai_4               
0000deb6  __mspabi_srai_3               
0000deb8  __mspabi_srai_2               
0000deba  __mspabi_srai_1               
0000debe  __mspabi_slli                 
0000deca  __mspabi_slli_15              
0000decc  __mspabi_slli_14              
0000dece  __mspabi_slli_13              
0000ded0  __mspabi_slli_12              
0000ded2  __mspabi_slli_11              
0000ded4  __mspabi_slli_10              
0000ded6  __mspabi_slli_9               
0000ded8  __mspabi_slli_8               
0000deda  __mspabi_slli_7               
0000dedc  __mspabi_slli_6               
0000dede  __mspabi_slli_5               
0000dee0  __mspabi_slli_4               
0000dee2  __mspabi_slli_3               
0000dee4  __mspabi_slli_2               
0000dee6  __mspabi_slli_1               
0000deea  __mspabi_mpyl                 
0000deea  __mspabi_mpyl_sw              
0000df10  setForward                    
0000df36  setForwardLow                 
0000df5c  setLeft                       
0000df80  setRight                      
0000dfa4  __mspabi_mpyul                
0000dfa4  __mspabi_mpyul_sw             
0000dfc6  __mspabi_mpyull               
0000dfc6  __mspabi_mpyull_sw            
0000dfe4  _c_int00_noargs               
0000e000  settingUp                     
0000e018  ADC_Demarrer_conversion       
0000e02e  ADC_init                      
0000e044  setStop                       
0000e05a  __TI_zero_init_nomemset       
0000e06e  __mspabi_mpyi                 
0000e06e  __mspabi_mpyi_sw              
0000e082  __TI_decompress_none          
0000e094  memcpy                        
0000e0a6  ADC_Lire_resultat             
0000e0b6  __mspabi_func_epilog_7        
0000e0b8  __mspabi_func_epilog_6        
0000e0ba  __mspabi_func_epilog_5        
0000e0bc  __mspabi_func_epilog_4        
0000e0be  __mspabi_func_epilog_3        
0000e0c0  __mspabi_func_epilog_2        
0000e0c2  __mspabi_func_epilog_1        
0000e0c6  __mspabi_fltid                
0000e0d2  __TI_ISR_TRAP                 
0000e0da  Timer_A                       
0000e0e0  C$$EXIT                       
0000e0e0  abort                         
0000e0e6  _system_pre_init              
0000e0ea  _system_post_cinit            
0000e0f4  __TI_Handler_Table_Base       
0000e0fa  __TI_Handler_Table_Limit      
0000e0fe  __TI_CINIT_Base               
0000e106  __TI_CINIT_Limit              
0000e106  __TI_CINIT_Warm               
0000ffe0  __TI_int00                    
0000ffe4  __TI_int02                    
0000ffe6  __TI_int03                    
0000ffea  __TI_int05                    
0000ffec  __TI_int06                    
0000ffee  __TI_int07                    
0000fff0  __TI_int08                    
0000fff2  __TI_int09                    
0000fff4  __TI_int10                    
0000fff6  __TI_int11                    
0000fff8  __TI_int12                    
0000fffa  __TI_int13                    
0000fffc  __TI_int14                    
0000fffe  _reset_vector                 
ffffffff  __TI_pprof_out_hndl           
ffffffff  __TI_prof_data_size           
ffffffff  __TI_prof_data_start          
ffffffff  __c_args__                    

[291 symbols]
